This is pdfTeX, Version 3.141592653-2.6-1.40.29 (TeX Live 2026) (preloaded format=pdflatex 2026.3.1)  23 AUG 2026 23:11
entering extended mode
 restricted \write18 enabled.
 %&-line parsing enabled.
**main.tex
(./main.tex
LaTeX2e <2025-11-01>
L3 programming layer <2026-01-19>
(/usr/local/texlive/2026basic/texmf-dist/tex/latex/base/article.cls
Document Class: article 2025/01/22 v1.4n Standard LaTeX document class
(/usr/local/texlive/2026basic/texmf-dist/tex/latex/base/size11.clo
File: size11.clo 2025/01/22 v1.4n Standard LaTeX file (size option)
)
\c@part=\count275
\c@section=\count276
\c@subsection=\count277
\c@subsubsection=\count278
\c@paragraph=\count279
\c@subparagraph=\count280
\c@figure=\count281
\c@table=\count282
\abovecaptionskip=\skip49
\belowcaptionskip=\skip50
\bibindent=\dimen148
)
(/usr/local/texlive/2026basic/texmf-dist/tex/latex/base/inputenc.sty
Package: inputenc 2024/02/08 v1.3d Input encoding file
\inpenc@prehook=\toks17
\inpenc@posthook=\toks18
)
(/usr/local/texlive/2026basic/texmf-dist/tex/latex/graphics/graphicx.sty
Package: graphicx 2024/12/31 v1.2e Enhanced LaTeX Graphics (DPC,SPQR)

(/usr/local/texlive/2026basic/texmf-dist/tex/latex/graphics/keyval.sty
Package: keyval 2022/05/29 v1.15 key=value parser (DPC)
\KV@toks@=\toks19
)
(/usr/local/texlive/2026basic/texmf-dist/tex/latex/graphics/graphics.sty
Package: graphics 2024/08/06 v1.4g Standard LaTeX Graphics (DPC,SPQR)

(/usr/local/texlive/2026basic/texmf-dist/tex/latex/graphics/trig.sty
Package: trig 2023/12/02 v1.11 sin cos tan (DPC)
)
(/usr/local/texlive/2026basic/texmf-dist/tex/latex/graphics-cfg/graphics.cfg
File: graphics.cfg 2016/06/04 v1.11 sample graphics configuration
)
Package graphics Info: Driver file: pdftex.def on input line 106.

(/usr/local/texlive/2026basic/texmf-dist/tex/latex/graphics-def/pdftex.def
File: pdftex.def 2025/09/29 v1.2d Graphics/color driver for pdftex
))
\Gin@req@height=\dimen149
\Gin@req@width=\dimen150
)
(/usr/local/texlive/2026basic/texmf-dist/tex/latex/booktabs/booktabs.sty
Package: booktabs 2020/01/12 v1.61803398 Publication quality tables
\heavyrulewidth=\dimen151
\lightrulewidth=\dimen152
\cmidrulewidth=\dimen153
\belowrulesep=\dimen154
\belowbottomsep=\dimen155
\aboverulesep=\dimen156
\abovetopsep=\dimen157
\cmidrulesep=\dimen158
\cmidrulekern=\dimen159
\defaultaddspace=\dimen160
\@cmidla=\count283
\@cmidlb=\count284
\@aboverulesep=\dimen161
\@belowrulesep=\dimen162
\@thisruleclass=\count285
\@lastruleclass=\count286
\@thisrulewidth=\dimen163
)
(/usr/local/texlive/2026basic/texmf-dist/tex/latex/geometry/geometry.sty
Package: geometry 2020/01/02 v5.9 Page Geometry

(/usr/local/texlive/2026basic/texmf-dist/tex/generic/iftex/ifvtex.sty
Package: ifvtex 2019/10/25 v1.7 ifvtex legacy package. Use iftex instead.

(/usr/local/texlive/2026basic/texmf-dist/tex/generic/iftex/iftex.sty
Package: iftex 2024/12/12 v1.0g TeX engine tests
))
\Gm@cnth=\count287
\Gm@cntv=\count288
\c@Gm@tempcnt=\count289
\Gm@bindingoffset=\dimen164
\Gm@wd@mp=\dimen165
\Gm@odd@mp=\dimen166
\Gm@even@mp=\dimen167
\Gm@layoutwidth=\dimen168
\Gm@layoutheight=\dimen169
\Gm@layouthoffset=\dimen170
\Gm@layoutvoffset=\dimen171
\Gm@dimlist=\toks20
)
(/usr/local/texlive/2026basic/texmf-dist/tex/latex/setspace/setspace.sty
Package: setspace 2022/12/04 v6.7b set line spacing
)
(/usr/local/texlive/2026basic/texmf-dist/tex/latex/amsmath/amsmath.sty
Package: amsmath 2025/07/09 v2.17z AMS math features
\@mathmargin=\skip51

For additional information on amsmath, use the `?' option.
(/usr/local/texlive/2026basic/texmf-dist/tex/latex/amsmath/amstext.sty
Package: amstext 2024/11/17 v2.01 AMS text

(/usr/local/texlive/2026basic/texmf-dist/tex/latex/amsmath/amsgen.sty
File: amsgen.sty 1999/11/30 v2.0 generic functions
\@emptytoks=\toks21
\ex@=\dimen172
))
(/usr/local/texlive/2026basic/texmf-dist/tex/latex/amsmath/amsbsy.sty
Package: amsbsy 1999/11/29 v1.2d Bold Symbols
\pmbraise@=\dimen173
)
(/usr/local/texlive/2026basic/texmf-dist/tex/latex/amsmath/amsopn.sty
Package: amsopn 2022/04/08 v2.04 operator names
)
\inf@bad=\count290
LaTeX Info: Redefining \frac on input line 233.
\uproot@=\count291
\leftroot@=\count292
LaTeX Info: Redefining \overline on input line 398.
LaTeX Info: Redefining \colon on input line 409.
\classnum@=\count293
\DOTSCASE@=\count294
LaTeX Info: Redefining \ldots on input line 495.
LaTeX Info: Redefining \dots on input line 498.
LaTeX Info: Redefining \cdots on input line 619.
\Mathstrutbox@=\box53
\strutbox@=\box54
LaTeX Info: Redefining \big on input line 721.
LaTeX Info: Redefining \Big on input line 722.
LaTeX Info: Redefining \bigg on input line 723.
LaTeX Info: Redefining \Bigg on input line 724.
\big@size=\dimen174
LaTeX Font Info:    Redeclaring font encoding OML on input line 742.
LaTeX Font Info:    Redeclaring font encoding OMS on input line 743.
\macc@depth=\count295
LaTeX Info: Redefining \bmod on input line 904.
LaTeX Info: Redefining \pmod on input line 909.
LaTeX Info: Redefining \smash on input line 939.
LaTeX Info: Redefining \relbar on input line 969.
LaTeX Info: Redefining \Relbar on input line 970.
\c@MaxMatrixCols=\count296
\dotsspace@=\muskip17
\c@parentequation=\count297
\dspbrk@lvl=\count298
\tag@help=\toks22
\row@=\count299
\column@=\count300
\maxfields@=\count301
\andhelp@=\toks23
\eqnshift@=\dimen175
\alignsep@=\dimen176
\tagshift@=\dimen177
\tagwidth@=\dimen178
\totwidth@=\dimen179
\lineht@=\dimen180
\@envbody=\toks24
\multlinegap=\skip52
\multlinetaggap=\skip53
\mathdisplay@stack=\toks25
LaTeX Info: Redefining \[ on input line 2950.
LaTeX Info: Redefining \] on input line 2951.
)
(/usr/local/texlive/2026basic/texmf-dist/tex/latex/amsfonts/amssymb.sty
Package: amssymb 2013/01/14 v3.01 AMS font symbols

(/usr/local/texlive/2026basic/texmf-dist/tex/latex/amsfonts/amsfonts.sty
Package: amsfonts 2013/01/14 v3.01 Basic AMSFonts support
\symAMSa=\mathgroup4
\symAMSb=\mathgroup5
LaTeX Font Info:    Redeclaring math symbol \hbar on input line 98.
LaTeX Font Info:    Overwriting math alphabet `\mathfrak' in version `bold'
(Font)                  U/euf/m/n --> U/euf/b/n on input line 106.
))
(/usr/local/texlive/2026basic/texmf-dist/tex/latex/amscls/amsthm.sty
Package: amsthm 2020/05/29 v2.20.6
\thm@style=\toks26
\thm@bodyfont=\toks27
\thm@headfont=\toks28
\thm@notefont=\toks29
\thm@headpunct=\toks30
\thm@preskip=\skip54
\thm@postskip=\skip55
\thm@headsep=\skip56
\dth@everypar=\toks31
)
(/usr/local/texlive/2026basic/texmf-dist/tex/latex/natbib/natbib.sty
Package: natbib 2010/09/13 8.31b (PWD, AO)
\bibhang=\skip57
\bibsep=\skip58
LaTeX Info: Redefining \cite on input line 694.
\c@NAT@ctr=\count302
)
(/usr/local/texlive/2026basic/texmf-dist/tex/latex/hyperref/hyperref.sty
Package: hyperref 2026-01-29 v7.01p Hypertext links for LaTeX

(/usr/local/texlive/2026basic/texmf-dist/tex/latex/kvsetkeys/kvsetkeys.sty
Package: kvsetkeys 2022-10-05 v1.19 Key value parser (HO)
)
(/usr/local/texlive/2026basic/texmf-dist/tex/generic/kvdefinekeys/kvdefinekeys.
sty
Package: kvdefinekeys 2019-12-19 v1.6 Define keys (HO)
)
(/usr/local/texlive/2026basic/texmf-dist/tex/generic/pdfescape/pdfescape.sty
Package: pdfescape 2019/12/09 v1.15 Implements pdfTeX's escape features (HO)

(/usr/local/texlive/2026basic/texmf-dist/tex/generic/ltxcmds/ltxcmds.sty
Package: ltxcmds 2023-12-04 v1.26 LaTeX kernel commands for general use (HO)
)
(/usr/local/texlive/2026basic/texmf-dist/tex/generic/pdftexcmds/pdftexcmds.sty
Package: pdftexcmds 2020-06-27 v0.33 Utility functions of pdfTeX for LuaTeX (HO
)

(/usr/local/texlive/2026basic/texmf-dist/tex/generic/infwarerr/infwarerr.sty
Package: infwarerr 2019/12/03 v1.5 Providing info/warning/error messages (HO)
)
Package pdftexcmds Info: \pdf@primitive is available.
Package pdftexcmds Info: \pdf@ifprimitive is available.
Package pdftexcmds Info: \pdfdraftmode found.
)) (/usr/local/texlive/2026basic/texmf-dist/tex/latex/hycolor/hycolor.sty
Package: hycolor 2020-01-27 v1.10 Color options for hyperref/bookmark (HO)
)
(/usr/local/texlive/2026basic/texmf-dist/tex/latex/hyperref/nameref.sty
Package: nameref 2026-01-29 v2.58 Cross-referencing by name of section

(/usr/local/texlive/2026basic/texmf-dist/tex/latex/refcount/refcount.sty
Package: refcount 2019/12/15 v3.6 Data extraction from label references (HO)
)
(/usr/local/texlive/2026basic/texmf-dist/tex/generic/gettitlestring/gettitlestr
ing.sty
Package: gettitlestring 2019/12/15 v1.6 Cleanup title references (HO)

(/usr/local/texlive/2026basic/texmf-dist/tex/latex/kvoptions/kvoptions.sty
Package: kvoptions 2022-06-15 v3.15 Key value format for package options (HO)
))
\c@section@level=\count303
)
(/usr/local/texlive/2026basic/texmf-dist/tex/latex/etoolbox/etoolbox.sty
Package: etoolbox 2025/10/02 v2.5m e-TeX tools for LaTeX (JAW)
\etb@tempcnta=\count304
)
(/usr/local/texlive/2026basic/texmf-dist/tex/generic/stringenc/stringenc.sty
Package: stringenc 2019/11/29 v1.12 Convert strings between diff. encodings (HO
)
)
\@linkdim=\dimen181
\Hy@linkcounter=\count305
\Hy@pagecounter=\count306

(/usr/local/texlive/2026basic/texmf-dist/tex/latex/hyperref/pd1enc.def
File: pd1enc.def 2026-01-29 v7.01p Hyperref: PDFDocEncoding definition (HO)
Now handling font encoding PD1 ...
... no UTF-8 mapping file for font encoding PD1
)
(/usr/local/texlive/2026basic/texmf-dist/tex/generic/intcalc/intcalc.sty
Package: intcalc 2019/12/15 v1.3 Expandable calculations with integers (HO)
)
\Hy@SavedSpaceFactor=\count307

(/usr/local/texlive/2026basic/texmf-dist/tex/latex/hyperref/puenc.def
File: puenc.def 2026-01-29 v7.01p Hyperref: PDF Unicode definition (HO)
Now handling font encoding PU ...
... no UTF-8 mapping file for font encoding PU
)
Package hyperref Info: Hyper figures OFF on input line 4201.
Package hyperref Info: Link nesting OFF on input line 4206.
Package hyperref Info: Hyper index ON on input line 4209.
Package hyperref Info: Plain pages OFF on input line 4216.
Package hyperref Info: Backreferencing OFF on input line 4221.
Package hyperref Info: Implicit mode ON; LaTeX internals redefined.
Package hyperref Info: Bookmarks ON on input line 4468.
\c@Hy@tempcnt=\count308

(/usr/local/texlive/2026basic/texmf-dist/tex/latex/url/url.sty
\Urlmuskip=\muskip18
Package: url 2013/09/16  ver 3.4  Verb mode for urls, etc.
)
LaTeX Info: Redefining \url on input line 4807.
\XeTeXLinkMargin=\dimen182

(/usr/local/texlive/2026basic/texmf-dist/tex/generic/bitset/bitset.sty
Package: bitset 2019/12/09 v1.3 Handle bit-vector datatype (HO)

(/usr/local/texlive/2026basic/texmf-dist/tex/generic/bigintcalc/bigintcalc.sty
Package: bigintcalc 2019/12/15 v1.5 Expandable calculations on big integers (HO
)
))
\Fld@menulength=\count309
\Field@Width=\dimen183
\Fld@charsize=\dimen184
Package hyperref Info: Hyper figures OFF on input line 6084.
Package hyperref Info: Link nesting OFF on input line 6089.
Package hyperref Info: Hyper index ON on input line 6092.
Package hyperref Info: backreferencing OFF on input line 6099.
Package hyperref Info: Link coloring OFF on input line 6104.
Package hyperref Info: Link coloring with OCG OFF on input line 6109.
Package hyperref Info: PDF/A mode OFF on input line 6114.
\Hy@abspage=\count310
\c@Item=\count311
\c@Hfootnote=\count312
)
Package hyperref Info: Driver (autodetected): hpdftex.
 (/usr/local/texlive/2026basic/texmf-dist/tex/latex/hyperref/hpdftex.def
File: hpdftex.def 2026-01-29 v7.01p Hyperref driver for pdfTeX
\Fld@listcount=\count313
\c@bookmark@seq@number=\count314

(/usr/local/texlive/2026basic/texmf-dist/tex/latex/rerunfilecheck/rerunfilechec
k.sty
Package: rerunfilecheck 2025-06-21 v1.11 Rerun checks for auxiliary files (HO)

(/usr/local/texlive/2026basic/texmf-dist/tex/generic/uniquecounter/uniquecounte
r.sty
Package: uniquecounter 2019/12/15 v1.4 Provide unlimited unique counter (HO)
)
Package uniquecounter Info: New unique counter `rerunfilecheck' on input line 2
84.
)
\Hy@SectionHShift=\skip59
)
(/usr/local/texlive/2026basic/texmf-dist/tex/latex/pgf/frontendlayer/tikz.sty
(/usr/local/texlive/2026basic/texmf-dist/tex/latex/pgf/basiclayer/pgf.sty
(/usr/local/texlive/2026basic/texmf-dist/tex/latex/pgf/utilities/pgfrcs.sty
(/usr/local/texlive/2026basic/texmf-dist/tex/generic/pgf/utilities/pgfutil-comm
on.tex
\pgfutil@everybye=\toks32
\pgfutil@tempdima=\dimen185
\pgfutil@tempdimb=\dimen186
)
(/usr/local/texlive/2026basic/texmf-dist/tex/generic/pgf/utilities/pgfutil-late
x.def
\pgfutil@abb=\box55
)
(/usr/local/texlive/2026basic/texmf-dist/tex/generic/pgf/utilities/pgfrcs.code.
tex (/usr/local/texlive/2026basic/texmf-dist/tex/generic/pgf/pgf.revision.tex)
Package: pgfrcs 2025-08-29 v3.1.11a (3.1.11a)
))
Package: pgf 2025-08-29 v3.1.11a (3.1.11a)
 (/usr/local/texlive/2026basic/texmf-dist/tex/latex/pgf/basiclayer/pgfcore.sty 
(/usr/local/texlive/2026basic/texmf-dist/tex/latex/pgf/systemlayer/pgfsys.sty
(/usr/local/texlive/2026basic/texmf-dist/tex/generic/pgf/systemlayer/pgfsys.cod
e.tex
Package: pgfsys 2025-08-29 v3.1.11a (3.1.11a)

(/usr/local/texlive/2026basic/texmf-dist/tex/generic/pgf/utilities/pgfkeys.code
.tex
\pgfkeys@pathtoks=\toks33
\pgfkeys@temptoks=\toks34

(/usr/local/texlive/2026basic/texmf-dist/tex/generic/pgf/utilities/pgfkeyslibra
ryfiltered.code.tex
\pgfkeys@tmptoks=\toks35
))
\pgf@x=\dimen187
\pgf@y=\dimen188
\pgf@xa=\dimen189
\pgf@ya=\dimen190
\pgf@xb=\dimen191
\pgf@yb=\dimen192
\pgf@xc=\dimen193
\pgf@yc=\dimen194
\pgf@xd=\dimen195
\pgf@yd=\dimen196
\w@pgf@writea=\write3
\r@pgf@reada=\read2
\c@pgf@counta=\count315
\c@pgf@countb=\count316
\c@pgf@countc=\count317
\c@pgf@countd=\count318
\t@pgf@toka=\toks36
\t@pgf@tokb=\toks37
\t@pgf@tokc=\toks38
\pgf@sys@id@count=\count319

(/usr/local/texlive/2026basic/texmf-dist/tex/generic/pgf/systemlayer/pgf.cfg
File: pgf.cfg 2025-08-29 v3.1.11a (3.1.11a)
)
Driver file for pgf: pgfsys-pdftex.def

(/usr/local/texlive/2026basic/texmf-dist/tex/generic/pgf/systemlayer/pgfsys-pdf
tex.def
File: pgfsys-pdftex.def 2025-08-29 v3.1.11a (3.1.11a)

(/usr/local/texlive/2026basic/texmf-dist/tex/generic/pgf/systemlayer/pgfsys-com
mon-pdf.def
File: pgfsys-common-pdf.def 2025-08-29 v3.1.11a (3.1.11a)
)))
(/usr/local/texlive/2026basic/texmf-dist/tex/generic/pgf/systemlayer/pgfsyssoft
path.code.tex
File: pgfsyssoftpath.code.tex 2025-08-29 v3.1.11a (3.1.11a)
\pgfsyssoftpath@smallbuffer@items=\count320
\pgfsyssoftpath@bigbuffer@items=\count321
)
(/usr/local/texlive/2026basic/texmf-dist/tex/generic/pgf/systemlayer/pgfsysprot
ocol.code.tex
File: pgfsysprotocol.code.tex 2025-08-29 v3.1.11a (3.1.11a)
))
(/usr/local/texlive/2026basic/texmf-dist/tex/latex/xcolor/xcolor.sty
Package: xcolor 2024/09/29 v3.02 LaTeX color extensions (UK)

(/usr/local/texlive/2026basic/texmf-dist/tex/latex/graphics-cfg/color.cfg
File: color.cfg 2016/01/02 v1.6 sample color configuration
)
Package xcolor Info: Driver file: pdftex.def on input line 274.

(/usr/local/texlive/2026basic/texmf-dist/tex/latex/graphics/mathcolor.ltx)
Package xcolor Info: Model `cmy' substituted by `cmy0' on input line 1349.
Package xcolor Info: Model `hsb' substituted by `rgb' on input line 1353.
Package xcolor Info: Model `RGB' extended on input line 1365.
Package xcolor Info: Model `HTML' substituted by `rgb' on input line 1367.
Package xcolor Info: Model `Hsb' substituted by `hsb' on input line 1368.
Package xcolor Info: Model `tHsb' substituted by `hsb' on input line 1369.
Package xcolor Info: Model `HSB' substituted by `hsb' on input line 1370.
Package xcolor Info: Model `Gray' substituted by `gray' on input line 1371.
Package xcolor Info: Model `wave' substituted by `hsb' on input line 1372.
)
(/usr/local/texlive/2026basic/texmf-dist/tex/generic/pgf/basiclayer/pgfcore.cod
e.tex
Package: pgfcore 2025-08-29 v3.1.11a (3.1.11a)

(/usr/local/texlive/2026basic/texmf-dist/tex/generic/pgf/math/pgfmath.code.tex
(/usr/local/texlive/2026basic/texmf-dist/tex/generic/pgf/math/pgfmathutil.code.
tex)
(/usr/local/texlive/2026basic/texmf-dist/tex/generic/pgf/math/pgfmathparser.cod
e.tex
\pgfmath@dimen=\dimen197
\pgfmath@count=\count322
\pgfmath@box=\box56
\pgfmath@toks=\toks39
\pgfmath@stack@operand=\toks40
\pgfmath@stack@operation=\toks41
)
(/usr/local/texlive/2026basic/texmf-dist/tex/generic/pgf/math/pgfmathfunctions.
code.tex)
(/usr/local/texlive/2026basic/texmf-dist/tex/generic/pgf/math/pgfmathfunctions.
basic.code.tex)
(/usr/local/texlive/2026basic/texmf-dist/tex/generic/pgf/math/pgfmathfunctions.
trigonometric.code.tex)
(/usr/local/texlive/2026basic/texmf-dist/tex/generic/pgf/math/pgfmathfunctions.
random.code.tex)
(/usr/local/texlive/2026basic/texmf-dist/tex/generic/pgf/math/pgfmathfunctions.
comparison.code.tex)
(/usr/local/texlive/2026basic/texmf-dist/tex/generic/pgf/math/pgfmathfunctions.
base.code.tex)
(/usr/local/texlive/2026basic/texmf-dist/tex/generic/pgf/math/pgfmathfunctions.
round.code.tex)
(/usr/local/texlive/2026basic/texmf-dist/tex/generic/pgf/math/pgfmathfunctions.
misc.code.tex)
(/usr/local/texlive/2026basic/texmf-dist/tex/generic/pgf/math/pgfmathfunctions.
integerarithmetics.code.tex)
(/usr/local/texlive/2026basic/texmf-dist/tex/generic/pgf/math/pgfmathcalc.code.
tex)
(/usr/local/texlive/2026basic/texmf-dist/tex/generic/pgf/math/pgfmathfloat.code
.tex
\c@pgfmathroundto@lastzeros=\count323
))
(/usr/local/texlive/2026basic/texmf-dist/tex/generic/pgf/math/pgfint.code.tex)
(/usr/local/texlive/2026basic/texmf-dist/tex/generic/pgf/basiclayer/pgfcorepoin
ts.code.tex
File: pgfcorepoints.code.tex 2025-08-29 v3.1.11a (3.1.11a)
\pgf@picminx=\dimen198
\pgf@picmaxx=\dimen199
\pgf@picminy=\dimen256
\pgf@picmaxy=\dimen257
\pgf@pathminx=\dimen258
\pgf@pathmaxx=\dimen259
\pgf@pathminy=\dimen260
\pgf@pathmaxy=\dimen261
\pgf@xx=\dimen262
\pgf@xy=\dimen263
\pgf@yx=\dimen264
\pgf@yy=\dimen265
\pgf@zx=\dimen266
\pgf@zy=\dimen267
)
(/usr/local/texlive/2026basic/texmf-dist/tex/generic/pgf/basiclayer/pgfcorepath
construct.code.tex
File: pgfcorepathconstruct.code.tex 2025-08-29 v3.1.11a (3.1.11a)
\pgf@path@lastx=\dimen268
\pgf@path@lasty=\dimen269
)
(/usr/local/texlive/2026basic/texmf-dist/tex/generic/pgf/basiclayer/pgfcorepath
usage.code.tex
File: pgfcorepathusage.code.tex 2025-08-29 v3.1.11a (3.1.11a)
\pgf@shorten@end@additional=\dimen270
\pgf@shorten@start@additional=\dimen271
)
(/usr/local/texlive/2026basic/texmf-dist/tex/generic/pgf/basiclayer/pgfcorescop
es.code.tex
File: pgfcorescopes.code.tex 2025-08-29 v3.1.11a (3.1.11a)
\pgfpic=\box57
\pgf@hbox=\box58
\pgf@layerbox@main=\box59
\pgf@picture@serial@count=\count324
)
(/usr/local/texlive/2026basic/texmf-dist/tex/generic/pgf/basiclayer/pgfcoregrap
hicstate.code.tex
File: pgfcoregraphicstate.code.tex 2025-08-29 v3.1.11a (3.1.11a)
\pgflinewidth=\dimen272
)
(/usr/local/texlive/2026basic/texmf-dist/tex/generic/pgf/basiclayer/pgfcoretran
sformations.code.tex
File: pgfcoretransformations.code.tex 2025-08-29 v3.1.11a (3.1.11a)
\pgf@pt@x=\dimen273
\pgf@pt@y=\dimen274
\pgf@pt@temp=\dimen275
)
(/usr/local/texlive/2026basic/texmf-dist/tex/generic/pgf/basiclayer/pgfcorequic
k.code.tex
File: pgfcorequick.code.tex 2025-08-29 v3.1.11a (3.1.11a)
)
(/usr/local/texlive/2026basic/texmf-dist/tex/generic/pgf/basiclayer/pgfcoreobje
cts.code.tex
File: pgfcoreobjects.code.tex 2025-08-29 v3.1.11a (3.1.11a)
)
(/usr/local/texlive/2026basic/texmf-dist/tex/generic/pgf/basiclayer/pgfcorepath
processing.code.tex
File: pgfcorepathprocessing.code.tex 2025-08-29 v3.1.11a (3.1.11a)
)
(/usr/local/texlive/2026basic/texmf-dist/tex/generic/pgf/basiclayer/pgfcorearro
ws.code.tex
File: pgfcorearrows.code.tex 2025-08-29 v3.1.11a (3.1.11a)
\pgfarrowsep=\dimen276
)
(/usr/local/texlive/2026basic/texmf-dist/tex/generic/pgf/basiclayer/pgfcoreshad
e.code.tex
File: pgfcoreshade.code.tex 2025-08-29 v3.1.11a (3.1.11a)
\pgf@max=\dimen277
\pgf@sys@shading@range@num=\count325
\pgf@shadingcount=\count326
)
(/usr/local/texlive/2026basic/texmf-dist/tex/generic/pgf/basiclayer/pgfcoreimag
e.code.tex
File: pgfcoreimage.code.tex 2025-08-29 v3.1.11a (3.1.11a)
)
(/usr/local/texlive/2026basic/texmf-dist/tex/generic/pgf/basiclayer/pgfcoreexte
rnal.code.tex
File: pgfcoreexternal.code.tex 2025-08-29 v3.1.11a (3.1.11a)
\pgfexternal@startupbox=\box60
)
(/usr/local/texlive/2026basic/texmf-dist/tex/generic/pgf/basiclayer/pgfcorelaye
rs.code.tex
File: pgfcorelayers.code.tex 2025-08-29 v3.1.11a (3.1.11a)
)
(/usr/local/texlive/2026basic/texmf-dist/tex/generic/pgf/basiclayer/pgfcoretran
sparency.code.tex
File: pgfcoretransparency.code.tex 2025-08-29 v3.1.11a (3.1.11a)
)
(/usr/local/texlive/2026basic/texmf-dist/tex/generic/pgf/basiclayer/pgfcorepatt
erns.code.tex
File: pgfcorepatterns.code.tex 2025-08-29 v3.1.11a (3.1.11a)
)
(/usr/local/texlive/2026basic/texmf-dist/tex/generic/pgf/basiclayer/pgfcorerdf.
code.tex
File: pgfcorerdf.code.tex 2025-08-29 v3.1.11a (3.1.11a)
)))
(/usr/local/texlive/2026basic/texmf-dist/tex/generic/pgf/modules/pgfmoduleshape
s.code.tex
File: pgfmoduleshapes.code.tex 2025-08-29 v3.1.11a (3.1.11a)
\pgfnodeparttextbox=\box61
)
(/usr/local/texlive/2026basic/texmf-dist/tex/generic/pgf/modules/pgfmoduleplot.
code.tex
File: pgfmoduleplot.code.tex 2025-08-29 v3.1.11a (3.1.11a)
)
(/usr/local/texlive/2026basic/texmf-dist/tex/latex/pgf/compatibility/pgfcomp-ve
rsion-0-65.sty
Package: pgfcomp-version-0-65 2025-08-29 v3.1.11a (3.1.11a)
\pgf@nodesepstart=\dimen278
\pgf@nodesepend=\dimen279
)
(/usr/local/texlive/2026basic/texmf-dist/tex/latex/pgf/compatibility/pgfcomp-ve
rsion-1-18.sty
Package: pgfcomp-version-1-18 2025-08-29 v3.1.11a (3.1.11a)
))
(/usr/local/texlive/2026basic/texmf-dist/tex/latex/pgf/utilities/pgffor.sty
(/usr/local/texlive/2026basic/texmf-dist/tex/latex/pgf/utilities/pgfkeys.sty
(/usr/local/texlive/2026basic/texmf-dist/tex/generic/pgf/utilities/pgfkeys.code
.tex)) (/usr/local/texlive/2026basic/texmf-dist/tex/latex/pgf/math/pgfmath.sty
(/usr/local/texlive/2026basic/texmf-dist/tex/generic/pgf/math/pgfmath.code.tex)
)
(/usr/local/texlive/2026basic/texmf-dist/tex/generic/pgf/utilities/pgffor.code.
tex
Package: pgffor 2025-08-29 v3.1.11a (3.1.11a)
\pgffor@iter=\dimen280
\pgffor@skip=\dimen281
\pgffor@stack=\toks42
\pgffor@toks=\toks43
))
(/usr/local/texlive/2026basic/texmf-dist/tex/generic/pgf/frontendlayer/tikz/tik
z.code.tex
Package: tikz 2025-08-29 v3.1.11a (3.1.11a)

(/usr/local/texlive/2026basic/texmf-dist/tex/generic/pgf/libraries/pgflibrarypl
othandlers.code.tex
File: pgflibraryplothandlers.code.tex 2025-08-29 v3.1.11a (3.1.11a)
\pgf@plot@mark@count=\count327
\pgfplotmarksize=\dimen282
)
\tikz@lastx=\dimen283
\tikz@lasty=\dimen284
\tikz@lastxsaved=\dimen285
\tikz@lastysaved=\dimen286
\tikz@lastmovetox=\dimen287
\tikz@lastmovetoy=\dimen288
\tikzleveldistance=\dimen289
\tikzsiblingdistance=\dimen290
\tikz@figbox=\box62
\tikz@figbox@bg=\box63
\tikz@tempbox=\box64
\tikz@tempbox@bg=\box65
\tikztreelevel=\count328
\tikznumberofchildren=\count329
\tikznumberofcurrentchild=\count330
\tikz@fig@count=\count331

(/usr/local/texlive/2026basic/texmf-dist/tex/generic/pgf/modules/pgfmodulematri
x.code.tex
File: pgfmodulematrix.code.tex 2025-08-29 v3.1.11a (3.1.11a)
\pgfmatrixcurrentrow=\count332
\pgfmatrixcurrentcolumn=\count333
\pgf@matrix@numberofcolumns=\count334
)
\tikz@expandcount=\count335

(/usr/local/texlive/2026basic/texmf-dist/tex/generic/pgf/frontendlayer/tikz/lib
raries/tikzlibrarytopaths.code.tex
File: tikzlibrarytopaths.code.tex 2025-08-29 v3.1.11a (3.1.11a)
)))
(/usr/local/texlive/2026basic/texmf-dist/tex/latex/pgfplots/pgfplots.sty
(/usr/local/texlive/2026basic/texmf-dist/tex/generic/pgfplots/pgfplots.revision
.tex)
Package: pgfplots 2025/08/14 v1.18.2 Data Visualization (1.18.2)

(/usr/local/texlive/2026basic/texmf-dist/tex/generic/pgfplots/pgfplots.code.tex

(/usr/local/texlive/2026basic/texmf-dist/tex/generic/pgfplots/pgfplotscore.code
.tex
\t@pgfplots@toka=\toks44
\t@pgfplots@tokb=\toks45
\t@pgfplots@tokc=\toks46
\pgfplots@tmpa=\dimen291
\c@pgfplots@coordindex=\count336
\c@pgfplots@scanlineindex=\count337

(/usr/local/texlive/2026basic/texmf-dist/tex/generic/pgfplots/sys/pgfplotssysge
neric.code.tex))
(/usr/local/texlive/2026basic/texmf-dist/tex/generic/pgfplots/libs/pgfplotslibr
ary.code.tex)
(/usr/local/texlive/2026basic/texmf-dist/tex/generic/pgfplots/oldpgfcompatib/pg
fplotsoldpgfsupp_loader.code.tex
(/usr/local/texlive/2026basic/texmf-dist/tex/generic/pgf/libraries/pgflibraryfp
u.code.tex)
(/usr/local/texlive/2026basic/texmf-dist/tex/generic/pgfplots/oldpgfcompatib/pg
fplotsoldpgfsupp_pgfutil-common-lists.tex))
(/usr/local/texlive/2026basic/texmf-dist/tex/generic/pgfplots/util/pgfplotsutil
.code.tex
(/usr/local/texlive/2026basic/texmf-dist/tex/generic/pgfplots/liststructure/pgf
plotsliststructure.code.tex)
(/usr/local/texlive/2026basic/texmf-dist/tex/generic/pgfplots/liststructure/pgf
plotsliststructureext.code.tex)
(/usr/local/texlive/2026basic/texmf-dist/tex/generic/pgfplots/liststructure/pgf
plotsarray.code.tex
\c@pgfplotsarray@tmp=\count338
)
(/usr/local/texlive/2026basic/texmf-dist/tex/generic/pgfplots/liststructure/pgf
plotsmatrix.code.tex)
(/usr/local/texlive/2026basic/texmf-dist/tex/generic/pgfplots/numtable/pgfplots
tableshared.code.tex
\c@pgfplotstable@counta=\count339
\t@pgfplotstable@a=\toks47
)
(/usr/local/texlive/2026basic/texmf-dist/tex/generic/pgfplots/liststructure/pgf
plotsdeque.code.tex)
(/usr/local/texlive/2026basic/texmf-dist/tex/generic/pgfplots/util/pgfplotsbina
ry.code.tex
(/usr/local/texlive/2026basic/texmf-dist/tex/generic/pgfplots/util/pgfplotsbina
ry.data.code.tex))
(/usr/local/texlive/2026basic/texmf-dist/tex/generic/pgfplots/util/pgfplotsutil
.verb.code.tex)
(/usr/local/texlive/2026basic/texmf-dist/tex/generic/pgfplots/libs/pgflibrarypg
fplots.surfshading.code.tex
\c@pgfplotslibrarysurf@no=\count340

(/usr/local/texlive/2026basic/texmf-dist/tex/generic/pgfplots/sys/pgflibrarypgf
plots.surfshading.pgfsys-pdftex.def)))
(/usr/local/texlive/2026basic/texmf-dist/tex/generic/pgfplots/util/pgfplotscolo
rmap.code.tex
(/usr/local/texlive/2026basic/texmf-dist/tex/generic/pgfplots/util/pgfplotscolo
r.code.tex))
(/usr/local/texlive/2026basic/texmf-dist/tex/generic/pgfplots/pgfplotsstackedpl
ots.code.tex)
(/usr/local/texlive/2026basic/texmf-dist/tex/generic/pgfplots/pgfplotsplothandl
ers.code.tex
(/usr/local/texlive/2026basic/texmf-dist/tex/generic/pgfplots/pgfplotsmeshploth
andler.code.tex
(/usr/local/texlive/2026basic/texmf-dist/tex/generic/pgfplots/pgfplotsmeshploti
mage.code.tex)))
(/usr/local/texlive/2026basic/texmf-dist/tex/generic/pgfplots/pgfplots.scaling.
code.tex)
(/usr/local/texlive/2026basic/texmf-dist/tex/generic/pgfplots/pgfplotscoordproc
essing.code.tex)
(/usr/local/texlive/2026basic/texmf-dist/tex/generic/pgfplots/pgfplots.errorbar
s.code.tex)
(/usr/local/texlive/2026basic/texmf-dist/tex/generic/pgfplots/pgfplots.markers.
code.tex)
(/usr/local/texlive/2026basic/texmf-dist/tex/generic/pgfplots/pgfplotsticks.cod
e.tex)
(/usr/local/texlive/2026basic/texmf-dist/tex/generic/pgfplots/pgfplots.paths.co
de.tex)
(/usr/local/texlive/2026basic/texmf-dist/tex/generic/pgf/frontendlayer/tikz/lib
raries/tikzlibrarydecorations.code.tex
(/usr/local/texlive/2026basic/texmf-dist/tex/generic/pgf/modules/pgfmoduledecor
ations.code.tex
\pgfdecoratedcompleteddistance=\dimen292
\pgfdecoratedremainingdistance=\dimen293
\pgfdecoratedinputsegmentcompleteddistance=\dimen294
\pgfdecoratedinputsegmentremainingdistance=\dimen295
\pgf@decorate@distancetomove=\dimen296
\pgf@decorate@repeatstate=\count341
\pgfdecorationsegmentamplitude=\dimen297
\pgfdecorationsegmentlength=\dimen298
)
\tikz@lib@dec@box=\box66
)
(/usr/local/texlive/2026basic/texmf-dist/tex/generic/pgf/frontendlayer/tikz/lib
raries/tikzlibrarydecorations.pathmorphing.code.tex
(/usr/local/texlive/2026basic/texmf-dist/tex/generic/pgf/libraries/decorations/
pgflibrarydecorations.pathmorphing.code.tex))
(/usr/local/texlive/2026basic/texmf-dist/tex/generic/pgf/frontendlayer/tikz/lib
raries/tikzlibrarydecorations.pathreplacing.code.tex
(/usr/local/texlive/2026basic/texmf-dist/tex/generic/pgf/libraries/decorations/
pgflibrarydecorations.pathreplacing.code.tex))
(/usr/local/texlive/2026basic/texmf-dist/tex/generic/pgfplots/libs/tikzlibraryp
gfplots.contourlua.code.tex)
\pgfplots@numplots=\count342
\pgfplots@xmin@reg=\dimen299
\pgfplots@xmax@reg=\dimen300
\pgfplots@ymin@reg=\dimen301
\pgfplots@ymax@reg=\dimen302
\pgfplots@zmin@reg=\dimen303
\pgfplots@zmax@reg=\dimen304
)
(/usr/local/texlive/2026basic/texmf-dist/tex/generic/pgf/frontendlayer/tikz/lib
raries/tikzlibraryplotmarks.code.tex
File: tikzlibraryplotmarks.code.tex 2025-08-29 v3.1.11a (3.1.11a)

(/usr/local/texlive/2026basic/texmf-dist/tex/generic/pgf/libraries/pgflibrarypl
otmarks.code.tex
File: pgflibraryplotmarks.code.tex 2025-08-29 v3.1.11a (3.1.11a)
)))
(/usr/local/texlive/2026basic/texmf-dist/tex/latex/caption/subcaption.sty
Package: subcaption 2023/07/28 v1.6b Sub-captions (AR)

(/usr/local/texlive/2026basic/texmf-dist/tex/latex/caption/caption.sty
Package: caption 2023/08/05 v3.6o Customizing captions (AR)

(/usr/local/texlive/2026basic/texmf-dist/tex/latex/caption/caption3.sty
Package: caption3 2023/07/31 v2.4d caption3 kernel (AR)
\caption@tempdima=\dimen305
\captionmargin=\dimen306
\caption@leftmargin=\dimen307
\caption@rightmargin=\dimen308
\caption@width=\dimen309
\caption@indent=\dimen310
\caption@parindent=\dimen311
\caption@hangindent=\dimen312
Package caption Info: Standard document class detected.
)
\c@caption@flags=\count343
\c@continuedfloat=\count344
Package caption Info: hyperref package is loaded.
)
Package caption Info: New subtype `subfigure' on input line 238.
\c@subfigure=\count345
Package caption Info: New subtype `subtable' on input line 238.
\c@subtable=\count346
)
(/usr/local/texlive/2026basic/texmf-dist/tex/latex/tools/longtable.sty
Package: longtable 2025-10-13 v4.24 Multi-page Table package (DPC)
\LTleft=\skip60
\LTright=\skip61
\LTpre=\skip62
\LTpost=\skip63
\LTchunksize=\count347
\LTcapwidth=\dimen313
\LT@head=\box67
\LT@firsthead=\box68
\LT@foot=\box69
\LT@lastfoot=\box70
\LT@gbox=\box71
\LT@cols=\count348
\LT@rows=\count349
\c@LT@tables=\count350
\c@LT@chunks=\count351
\LT@p@ftn=\toks48
)
(/usr/local/texlive/2026basic/texmf-dist/tex/generic/pgf/frontendlayer/tikz/lib
raries/tikzlibraryshapes.code.tex
File: tikzlibraryshapes.code.tex 2025-08-29 v3.1.11a (3.1.11a)

(/usr/local/texlive/2026basic/texmf-dist/tex/generic/pgf/frontendlayer/tikz/lib
raries/tikzlibraryshapes.geometric.code.tex
File: tikzlibraryshapes.geometric.code.tex 2025-08-29 v3.1.11a (3.1.11a)

(/usr/local/texlive/2026basic/texmf-dist/tex/generic/pgf/libraries/shapes/pgfli
braryshapes.geometric.code.tex
File: pgflibraryshapes.geometric.code.tex 2025-08-29 v3.1.11a (3.1.11a)
))
(/usr/local/texlive/2026basic/texmf-dist/tex/generic/pgf/frontendlayer/tikz/lib
raries/tikzlibraryshapes.misc.code.tex
File: tikzlibraryshapes.misc.code.tex 2025-08-29 v3.1.11a (3.1.11a)

(/usr/local/texlive/2026basic/texmf-dist/tex/generic/pgf/libraries/shapes/pgfli
braryshapes.misc.code.tex
File: pgflibraryshapes.misc.code.tex 2025-08-29 v3.1.11a (3.1.11a)
))
(/usr/local/texlive/2026basic/texmf-dist/tex/generic/pgf/frontendlayer/tikz/lib
raries/tikzlibraryshapes.symbols.code.tex
File: tikzlibraryshapes.symbols.code.tex 2025-08-29 v3.1.11a (3.1.11a)

(/usr/local/texlive/2026basic/texmf-dist/tex/generic/pgf/libraries/shapes/pgfli
braryshapes.symbols.code.tex
File: pgflibraryshapes.symbols.code.tex 2025-08-29 v3.1.11a (3.1.11a)
))
(/usr/local/texlive/2026basic/texmf-dist/tex/generic/pgf/frontendlayer/tikz/lib
raries/tikzlibraryshapes.arrows.code.tex
File: tikzlibraryshapes.arrows.code.tex 2025-08-29 v3.1.11a (3.1.11a)

(/usr/local/texlive/2026basic/texmf-dist/tex/generic/pgf/libraries/shapes/pgfli
braryshapes.arrows.code.tex
File: pgflibraryshapes.arrows.code.tex 2025-08-29 v3.1.11a (3.1.11a)
))
(/usr/local/texlive/2026basic/texmf-dist/tex/generic/pgf/frontendlayer/tikz/lib
raries/tikzlibraryshapes.callouts.code.tex
(/usr/local/texlive/2026basic/texmf-dist/tex/generic/pgf/libraries/shapes/pgfli
braryshapes.callouts.code.tex))
(/usr/local/texlive/2026basic/texmf-dist/tex/generic/pgf/frontendlayer/tikz/lib
raries/tikzlibraryshapes.multipart.code.tex
File: tikzlibraryshapes.multipart.code.tex 2025-08-29 v3.1.11a (3.1.11a)

(/usr/local/texlive/2026basic/texmf-dist/tex/generic/pgf/libraries/shapes/pgfli
braryshapes.multipart.code.tex
File: pgflibraryshapes.multipart.code.tex 2025-08-29 v3.1.11a (3.1.11a)
\pgfnodepartlowerbox=\box72
\pgfnodeparttwobox=\box73
\pgfnodepartthreebox=\box74
\pgfnodepartfourbox=\box75
\pgfnodeparttwentybox=\box76
\pgfnodepartnineteenbox=\box77
\pgfnodeparteighteenbox=\box78
\pgfnodepartseventeenbox=\box79
\pgfnodepartsixteenbox=\box80
\pgfnodepartfifteenbox=\box81
\pgfnodepartfourteenbox=\box82
\pgfnodepartthirteenbox=\box83
\pgfnodeparttwelvebox=\box84
\pgfnodepartelevenbox=\box85
\pgfnodeparttenbox=\box86
\pgfnodepartninebox=\box87
\pgfnodeparteightbox=\box88
\pgfnodepartsevenbox=\box89
\pgfnodepartsixbox=\box90
\pgfnodepartfivebox=\box91
)))
(/usr/local/texlive/2026basic/texmf-dist/tex/generic/pgf/frontendlayer/tikz/lib
raries/tikzlibraryarrows.code.tex
File: tikzlibraryarrows.code.tex 2025-08-29 v3.1.11a (3.1.11a)

(/usr/local/texlive/2026basic/texmf-dist/tex/generic/pgf/libraries/pgflibraryar
rows.code.tex
File: pgflibraryarrows.code.tex 2025-08-29 v3.1.11a (3.1.11a)
\arrowsize=\dimen314
))
(/usr/local/texlive/2026basic/texmf-dist/tex/generic/pgf/frontendlayer/tikz/lib
raries/tikzlibrarypositioning.code.tex
File: tikzlibrarypositioning.code.tex 2025-08-29 v3.1.11a (3.1.11a)
)
(/usr/local/texlive/2026basic/texmf-dist/tex/generic/pgf/frontendlayer/tikz/lib
raries/tikzlibraryfit.code.tex
File: tikzlibraryfit.code.tex 2025-08-29 v3.1.11a (3.1.11a)
)
\c@proposition=\count352

(/usr/local/texlive/2026basic/texmf-dist/tex/latex/l3backend/l3backend-pdftex.d
ef
File: l3backend-pdftex.def 2025-10-09 L3 backend support: PDF output (pdfTeX)
\l__color_backend_stack_int=\count353
)
No file main.aux.
\openout1 = `main.aux'.

LaTeX Font Info:    Checking defaults for OML/cmm/m/it on input line 36.
LaTeX Font Info:    ... okay on input line 36.
LaTeX Font Info:    Checking defaults for OMS/cmsy/m/n on input line 36.
LaTeX Font Info:    ... okay on input line 36.
LaTeX Font Info:    Checking defaults for OT1/cmr/m/n on input line 36.
LaTeX Font Info:    ... okay on input line 36.
LaTeX Font Info:    Checking defaults for T1/cmr/m/n on input line 36.
LaTeX Font Info:    ... okay on input line 36.
LaTeX Font Info:    Checking defaults for TS1/cmr/m/n on input line 36.
LaTeX Font Info:    ... okay on input line 36.
LaTeX Font Info:    Checking defaults for OMX/cmex/m/n on input line 36.
LaTeX Font Info:    ... okay on input line 36.
LaTeX Font Info:    Checking defaults for U/cmr/m/n on input line 36.
LaTeX Font Info:    ... okay on input line 36.
LaTeX Font Info:    Checking defaults for PD1/pdf/m/n on input line 36.
LaTeX Font Info:    ... okay on input line 36.
LaTeX Font Info:    Checking defaults for PU/pdf/m/n on input line 36.
LaTeX Font Info:    ... okay on input line 36.
(/usr/local/texlive/2026basic/texmf-dist/tex/context/base/mkii/supp-pdf.mkii
[Loading MPS to PDF converter (version 2006.09.02).]
\scratchcounter=\count354
\scratchdimen=\dimen315
\scratchbox=\box92
\nofMPsegments=\count355
\nofMParguments=\count356
\everyMPshowfont=\toks49
\MPscratchCnt=\count357
\MPscratchDim=\dimen316
\MPnumerator=\count358
\makeMPintoPDFobject=\count359
\everyMPtoPDFconversion=\toks50
)
(/usr/local/texlive/2026basic/texmf-dist/tex/latex/epstopdf-pkg/epstopdf-base.s
ty
Package: epstopdf-base 2020-01-24 v2.11 Base part for package epstopdf
Package epstopdf-base Info: Redefining graphics rule for `.eps' on input line 4
85.

(/usr/local/texlive/2026basic/texmf-dist/tex/latex/latexconfig/epstopdf-sys.cfg
File: epstopdf-sys.cfg 2010/07/13 v1.3 Configuration of (r)epstopdf for TeX Liv
e
))
*geometry* driver: auto-detecting
*geometry* detected driver: pdftex
*geometry* verbose mode - [ preamble ] result:
* driver: pdftex
* paper: <default>
* layout: <same size as paper>
* layoutoffset:(h,v)=(0.0pt,0.0pt)
* modes: 
* h-part:(L,W,R)=(72.26999pt, 469.75502pt, 72.26999pt)
* v-part:(T,H,B)=(72.26999pt, 650.43001pt, 72.26999pt)
* \paperwidth=614.295pt
* \paperheight=794.96999pt
* \textwidth=469.75502pt
* \textheight=650.43001pt
* \oddsidemargin=0.0pt
* \evensidemargin=0.0pt
* \topmargin=-37.0pt
* \headheight=12.0pt
* \headsep=25.0pt
* \topskip=11.0pt
* \footskip=30.0pt
* \marginparwidth=59.0pt
* \marginparsep=10.0pt
* \columnsep=10.0pt
* \skip\footins=10.0pt plus 4.0pt minus 2.0pt
* \hoffset=0.0pt
* \voffset=0.0pt
* \mag=1000
* \@twocolumnfalse
* \@twosidefalse
* \@mparswitchfalse
* \@reversemarginfalse
* (1in=72.27pt=25.4mm, 1cm=28.453pt)

Package hyperref Info: Link coloring OFF on input line 36.
\@outlinefile=\write4
\openout4 = `main.out'.

Package pgfplots notification 'compat/show suggested version=true': you might b
enefit from \pgfplotsset{compat=1.18} (current compat level: 1.16).

Package caption Info: Begin \AtBeginDocument code.
Package caption Info: longtable package is loaded.
(/usr/local/texlive/2026basic/texmf-dist/tex/latex/caption/ltcaption.sty
Package: ltcaption 2021/01/08 v1.4c longtable captions (AR)
)
Package caption Info: End \AtBeginDocument code.
LaTeX Font Info:    Trying to load font information for U+msa on input line 39.


(/usr/local/texlive/2026basic/texmf-dist/tex/latex/amsfonts/umsa.fd
File: umsa.fd 2013/01/14 v3.01 AMS symbols A
)
LaTeX Font Info:    Trying to load font information for U+msb on input line 39.


(/usr/local/texlive/2026basic/texmf-dist/tex/latex/amsfonts/umsb.fd
File: umsb.fd 2013/01/14 v3.01 AMS symbols B
)

Package natbib Warning: Citation `croskerry2003' on page 1 undefined on input l
ine 41.


Package natbib Warning: Citation `bronstein2017' on page 1 undefined on input l
ine 41.


Package natbib Warning: Citation `lopez2021' on page 1 undefined on input line 
41.


LaTeX Warning: Reference `prop:interf' on page 1 undefined on input line 43.


LaTeX Warning: Reference `thm:contam' on page 1 undefined on input line 43.


Package natbib Warning: Citation `lecun2022' on page 1 undefined on input line 
43.


Package natbib Warning: Citation `assran2023_ijepa' on page 1 undefined on inpu
t line 43.


Package natbib Warning: Citation `johnson2016_mimic3' on page 1 undefined on in
put line 43.


Package natbib Warning: Citation `pollard2018_mimic4' on page 1 undefined on in
put line 43.


Package natbib Warning: Citation `johnson2019_mimic_cxr' on page 1 undefined on
 input line 43.


Package natbib Warning: Citation `johnson2023_mimiciv_note' on page 1 undefined
 on input line 43.


Package natbib Warning: Citation `moody2022_mimic4wdb' on page 1 undefined on i
nput line 43.


Package natbib Warning: Citation `kleinrock1975' on page 1 undefined on input l
ine 43.


Package natbib Warning: Citation `gross2008' on page 1 undefined on input line 
43.

[1

{/usr/local/texlive/2026basic/texmf-var/fonts/map/pdftex/updmap/pdftex.map}]

Package natbib Warning: Citation `zamani20' on page 2 undefined on input line 5
6.


Package natbib Warning: Citation `topol2019' on page 2 undefined on input line 
58.


Package natbib Warning: Citation `croskerry2003' on page 2 undefined on input l
ine 58.


Package natbib Warning: Citation `bronstein2017' on page 2 undefined on input l
ine 60.


Package natbib Warning: Citation `lopez2021' on page 2 undefined on input line 
60.


Package natbib Warning: Citation `lecun2022' on page 2 undefined on input line 
60.


Package natbib Warning: Citation `assran2023_ijepa' on page 2 undefined on inpu
t line 60.


Package natbib Warning: Citation `cma2026' on page 2 undefined on input line 62
.


Package natbib Warning: Citation `cma2026_clinical' on page 2 undefined on inpu
t line 62.

[2]

LaTeX Warning: Reference `sec:statespace' on page 3 undefined on input line 66.



LaTeX Warning: Reference `sec:gsigate' on page 3 undefined on input line 67.


LaTeX Warning: Reference `prop:interf' on page 3 undefined on input line 67.


LaTeX Warning: Reference `thm:contam' on page 3 undefined on input line 67.


LaTeX Warning: Reference `sec:operational' on page 3 undefined on input line 68
.


Package natbib Warning: Citation `miotto2016' on page 3 undefined on input line
 77.


Package natbib Warning: Citation `rajkomar2018' on page 3 undefined on input li
ne 77.


Package natbib Warning: Citation `choi2016_doctorai' on page 3 undefined on inp
ut line 77.


Package natbib Warning: Citation `shickel2017' on page 3 undefined on input lin
e 77.


Package natbib Warning: Citation `li2020_behrt' on page 3 undefined on input li
ne 77.


Package natbib Warning: Citation `shang2019_gbert' on page 3 undefined on input
 line 77.


Package natbib Warning: Citation `rasmy2021_medbert' on page 3 undefined on inp
ut line 77.


Package natbib Warning: Citation `huang2019_clinicalbert' on page 3 undefined o
n input line 77.


Package natbib Warning: Citation `lee2020_biobert' on page 3 undefined on input
 line 77.


Package natbib Warning: Citation `alsentzer2019' on page 3 undefined on input l
ine 77.


Package natbib Warning: Citation `jiang2023_nyutron' on page 3 undefined on inp
ut line 77.


Package natbib Warning: Citation `yang2022_gatortron' on page 3 undefined on in
put line 77.


Package natbib Warning: Citation `singhal2023_medpalm' on page 3 undefined on i
nput line 77.

[3]

Package natbib Warning: Citation `salton83' on page 4 undefined on input line 8
0.


Package natbib Warning: Citation `robertson1995' on page 4 undefined on input l
ine 80.


Package natbib Warning: Citation `robertson1976' on page 4 undefined on input l
ine 80.


Package natbib Warning: Citation `khattab20' on page 4 undefined on input line 
80.


Package natbib Warning: Citation `santhanam2022_colbertv2' on page 4 undefined 
on input line 80.


Package natbib Warning: Citation `karpukhin2020_dpr' on page 4 undefined on inp
ut line 80.


Package natbib Warning: Citation `xiong2021_ance' on page 4 undefined on input 
line 80.


Package natbib Warning: Citation `shurrab2026_ehrragp' on page 4 undefined on i
nput line 80.


Package natbib Warning: Citation `lewis2020_rag' on page 4 undefined on input l
ine 80.


Package natbib Warning: Citation `asai2024_selfrag' on page 4 undefined on inpu
t line 80.


Package natbib Warning: Citation `papachappa2026_siweaver' on page 4 undefined 
on input line 82.


Package natbib Warning: Citation `bronstein2017' on page 4 undefined on input l
ine 85.


Package natbib Warning: Citation `bronstein2021_gdl' on page 4 undefined on inp
ut line 85.


Package natbib Warning: Citation `pennec2006_spd' on page 4 undefined on input 
line 85.


Package natbib Warning: Citation `lopez2021' on page 4 undefined on input line 
85.


Package natbib Warning: Citation `huang2017_spdnet' on page 4 undefined on inpu
t line 85.


Package natbib Warning: Citation `arsigny2007_logeuclidean' on page 4 undefined
 on input line 85.


Package natbib Warning: Citation `nickel2017_poincare' on page 4 undefined on i
nput line 85.


Package natbib Warning: Citation `chami2019_hgcn' on page 4 undefined on input 
line 85.


Package natbib Warning: Citation `lecun2022' on page 4 undefined on input line 
85.


Package natbib Warning: Citation `assran2023_ijepa' on page 4 undefined on inpu
t line 85.


Package natbib Warning: Citation `bardes2024_vjepa' on page 4 undefined on inpu
t line 85.


Package natbib Warning: Citation `assran2025_vjepa2' on page 4 undefined on inp
ut line 85.

[4]

Package natbib Warning: Citation `musen2014_cds' on page 5 undefined on input l
ine 88.


Package natbib Warning: Citation `sutton2020_cds' on page 5 undefined on input 
line 88.


Package natbib Warning: Citation `croskerry2003' on page 5 undefined on input l
ine 88.


Package natbib Warning: Citation `goddard2012' on page 5 undefined on input lin
e 88.


Package natbib Warning: Citation `sweller1988_cogl' on page 5 undefined on inpu
t line 88.


Package natbib Warning: Citation `topol2019' on page 5 undefined on input line 
88.


Package natbib Warning: Citation `zhu2026_aicare' on page 5 undefined on input 
line 88.


Package natbib Warning: Citation `kleinrock1975' on page 5 undefined on input l
ine 88.


Package natbib Warning: Citation `gross2008' on page 5 undefined on input line 
88.


LaTeX Warning: Reference `sec:statespace' on page 5 undefined on input line 93.



LaTeX Warning: Reference `sec:gsigate' on page 5 undefined on input line 93.


LaTeX Warning: Reference `sec:control' on page 5 undefined on input line 93.


Package hyperref Warning: Token not allowed in a PDF string (Unicode):
(hyperref)                removing `math shift' on input line 95.


Package hyperref Warning: Token not allowed in a PDF string (Unicode):
(hyperref)                removing `subscript' on input line 95.


Package hyperref Warning: Token not allowed in a PDF string (Unicode):
(hyperref)                removing `superscript' on input line 95.


Package hyperref Warning: Token not allowed in a PDF string (Unicode):
(hyperref)                removing `math shift' on input line 95.

[5]

Package natbib Warning: Citation `alsentzer2019' on page 6 undefined on input l
ine 103.


LaTeX Warning: Reference `eq:spdintent' on page 6 undefined on input line 115.


LaTeX Warning: Reference `eq:geodesic' on page 6 undefined on input line 120.


LaTeX Warning: Reference `eq:spdintent' on page 6 undefined on input line 120.

[6]

LaTeX Warning: Reference `eq:gate' on page 7 undefined on input line 143.


LaTeX Warning: Reference `eq:gate' on page 7 undefined on input line 151.

[7]

LaTeX Warning: Reference `eq:contam' on page 8 undefined on input line 176.


LaTeX Warning: Reference `prop:interf' on page 8 undefined on input line 176.


LaTeX Warning: Reference `eq:decay' on page 8 undefined on input line 176.


LaTeX Warning: Reference `thm:contam' on page 8 undefined on input line 182.


LaTeX Warning: Reference `prop:interf' on page 8 undefined on input line 184.


LaTeX Warning: Reference `thm:contam' on page 8 undefined on input line 184.


LaTeX Warning: Reference `cor:closure' on page 8 undefined on input line 184.

[8]

Package natbib Warning: Citation `lecun2022' on page 9 undefined on input line 
223.


Package natbib Warning: Citation `assran2023_ijepa' on page 9 undefined on inpu
t line 223.


Package natbib Warning: Citation `assran2023_ijepa' on page 9 undefined on inpu
t line 228.


Package natbib Warning: Citation `grill20' on page 9 undefined on input line 22
8.


LaTeX Warning: Reference `eq:oconstraints' on page 9 undefined on input line 23
8.

[9]

LaTeX Warning: Reference `eq:spdintent' on page 10 undefined on input line 243.



LaTeX Warning: Reference `eq:geodesic' on page 10 undefined on input line 244.


LaTeX Warning: Reference `eq:gsr' on page 10 undefined on input line 244.


LaTeX Warning: Reference `eq:gate' on page 10 undefined on input line 245.


LaTeX Warning: Reference `prop:interf' on page 10 undefined on input line 245.


LaTeX Warning: Reference `eq:pred' on page 10 undefined on input line 247.


LaTeX Warning: Reference `eq:prefetch' on page 10 undefined on input line 247.


Package natbib Warning: Citation `salton83' on page 10 undefined on input line 
254.


Package natbib Warning: Citation `robertson1995' on page 10 undefined on input 
line 254.


Package natbib Warning: Citation `robertson1976' on page 10 undefined on input 
line 254.


Package natbib Warning: Citation `cma2026' on page 10 undefined on input line 2
54.


Package natbib Warning: Citation `johnson2016_mimic3' on page 10 undefined on i
nput line 259.


Package natbib Warning: Citation `pollard2018_mimic4' on page 10 undefined on i
nput line 259.


Package natbib Warning: Citation `johnson2023_mimiciv_note' on page 10 undefine
d on input line 259.


Package natbib Warning: Citation `johnson2019_mimic_cxr' on page 10 undefined o
n input line 259.


Package natbib Warning: Citation `moody2022_mimic4wdb' on page 10 undefined on 
input line 259.


Package natbib Warning: Citation `pollard2018_eicu' on page 10 undefined on inp
ut line 259.


Package natbib Warning: Citation `muller2021_hirid' on page 10 undefined on inp
ut line 259.


LaTeX Warning: Reference `sec:appendix' on page 10 undefined on input line 259.


[10]

Package natbib Warning: Citation `hart1988' on page 11 undefined on input line 
264.


LaTeX Warning: Reference `sec:clinician' on page 11 undefined on input line 266
.


Package natbib Warning: Citation `moher09' on page 11 undefined on input line 2
76.


Package natbib Warning: Citation `johnson2016_mimic3' on page 11 undefined on i
nput line 284.


Package natbib Warning: Citation `pollard2018_mimic4' on page 11 undefined on i
nput line 284.


Package natbib Warning: Citation `johnson2023_mimiciv_note' on page 11 undefine
d on input line 284.


Package natbib Warning: Citation `johnson2019_mimic_cxr' on page 11 undefined o
n input line 284.


Package natbib Warning: Citation `pollard2018_eicu' on page 11 undefined on inp
ut line 284.


Package natbib Warning: Citation `muller2021_hirid' on page 11 undefined on inp
ut line 284.


LaTeX Warning: Reference `fig:benchmark_flow' on page 11 undefined on input lin
e 284.


LaTeX Warning: Reference `fig:benchmark_flow' on page 11 undefined on input lin
e 284.

[11]
<../outputs/scaling/10/figures/consort_flow.png, id=126, 563.9469pt x 418.6842p
t>
File: ../outputs/scaling/10/figures/consort_flow.png Graphic file (type png)
<use ../outputs/scaling/10/figures/consort_flow.png>
Package pdftex.def Info: ../outputs/scaling/10/figures/consort_flow.png  used o
n input line 288.
(pdftex.def)             Requested size: 352.31625pt x 261.56837pt.


LaTeX Warning: Reference `fig:accuracy' on page 12 undefined on input line 296.


<../outputs/scaling/10/figures/accuracy_comparison.png, id=128, 490.7133pt x 34
5.9324pt>
File: ../outputs/scaling/10/figures/accuracy_comparison.png Graphic file (type 
png)
<use ../outputs/scaling/10/figures/accuracy_comparison.png>
Package pdftex.def Info: ../outputs/scaling/10/figures/accuracy_comparison.png 
 used on input line 302.
(pdftex.def)             Requested size: 150.32504pt x 105.97108pt.
<../outputs/scaling/100/figures/accuracy_comparison.png, id=129, 490.7133pt x 3
45.9324pt>
File: ../outputs/scaling/100/figures/accuracy_comparison.png Graphic file (type
 png)
<use ../outputs/scaling/100/figures/accuracy_comparison.png>
Package pdftex.def Info: ../outputs/scaling/100/figures/accuracy_comparison.png
  used on input line 307.
(pdftex.def)             Requested size: 150.32504pt x 105.97108pt.
<../outputs/scaling/1000/figures/accuracy_comparison.png, id=130, 490.7133pt x 
345.9324pt>
File: ../outputs/scaling/1000/figures/accuracy_comparison.png Graphic file (typ
e png)
<use ../outputs/scaling/1000/figures/accuracy_comparison.png>
Package pdftex.def Info: ../outputs/scaling/1000/figures/accuracy_comparison.pn
g  used on input line 312.
(pdftex.def)             Requested size: 150.32504pt x 105.97108pt.

LaTeX Warning: Reference `fig:time_distribution' on page 12 undefined on input 
line 319.

[12 <../outputs/scaling/10/figures/consort_flow.png> <../outputs/scaling/10/fig
ures/accuracy_comparison.png> <../outputs/scaling/100/figures/accuracy_comparis
on.png> <../outputs/scaling/1000/figures/accuracy_comparison.png>]
<../outputs/scaling/10/figures/time_distribution.png, id=142, 562.9833pt x 345.
9324pt>
File: ../outputs/scaling/10/figures/time_distribution.png Graphic file (type pn
g)
<use ../outputs/scaling/10/figures/time_distribution.png>
Package pdftex.def Info: ../outputs/scaling/10/figures/time_distribution.png  u
sed on input line 325.
(pdftex.def)             Requested size: 150.32504pt x 92.36841pt.
<../outputs/scaling/100/figures/time_distribution.png, id=143, 562.9833pt x 345
.9324pt>
File: ../outputs/scaling/100/figures/time_distribution.png Graphic file (type p
ng)
<use ../outputs/scaling/100/figures/time_distribution.png>
Package pdftex.def Info: ../outputs/scaling/100/figures/time_distribution.png  
used on input line 330.
(pdftex.def)             Requested size: 150.32504pt x 92.36841pt.
<../outputs/scaling/1000/figures/time_distribution.png, id=144, 562.9833pt x 34
5.9324pt>
File: ../outputs/scaling/1000/figures/time_distribution.png Graphic file (type 
png)
<use ../outputs/scaling/1000/figures/time_distribution.png>
Package pdftex.def Info: ../outputs/scaling/1000/figures/time_distribution.png 
 used on input line 335.
(pdftex.def)             Requested size: 150.32504pt x 92.36841pt.


LaTeX Warning: Reference `fig:tlx' on page 13 undefined on input line 345.

<../outputs/scaling/10/figures/tlx_subscales.png, id=145, 707.7642pt x 346.896p
t>
File: ../outputs/scaling/10/figures/tlx_subscales.png Graphic file (type png)
<use ../outputs/scaling/10/figures/tlx_subscales.png>
Package pdftex.def Info: ../outputs/scaling/10/figures/tlx_subscales.png  used 
on input line 351.
(pdftex.def)             Requested size: 150.32504pt x 73.67604pt.
<../outputs/scaling/100/figures/tlx_subscales.png, id=146, 707.7642pt x 346.896
pt>
File: ../outputs/scaling/100/figures/tlx_subscales.png Graphic file (type png)
<use ../outputs/scaling/100/figures/tlx_subscales.png>
Package pdftex.def Info: ../outputs/scaling/100/figures/tlx_subscales.png  used
 on input line 356.
(pdftex.def)             Requested size: 150.32504pt x 73.67604pt.
<../outputs/scaling/1000/figures/tlx_subscales.png, id=147, 707.7642pt x 346.89
6pt>
File: ../outputs/scaling/1000/figures/tlx_subscales.png Graphic file (type png)

<use ../outputs/scaling/1000/figures/tlx_subscales.png>
Package pdftex.def Info: ../outputs/scaling/1000/figures/tlx_subscales.png  use
d on input line 361.
(pdftex.def)             Requested size: 150.32504pt x 73.67604pt.

LaTeX Warning: Reference `fig:latency' on page 13 undefined on input line 368.


LaTeX Warning: Reference `sec:ablation' on page 13 undefined on input line 368.


<../outputs/scaling/10/figures/latency.png, id=148, 491.1951pt x 346.1733pt>
File: ../outputs/scaling/10/figures/latency.png Graphic file (type png)
<use ../outputs/scaling/10/figures/latency.png>
Package pdftex.def Info: ../outputs/scaling/10/figures/latency.png  used on inp
ut line 374.
(pdftex.def)             Requested size: 150.32504pt x 105.93924pt.
<../outputs/scaling/100/figures/latency.png, id=149, 490.9542pt x 346.1733pt>
File: ../outputs/scaling/100/figures/latency.png Graphic file (type png)
<use ../outputs/scaling/100/figures/latency.png>
Package pdftex.def Info: ../outputs/scaling/100/figures/latency.png  used on in
put line 379.
(pdftex.def)             Requested size: 150.32504pt x 105.99734pt.
<../outputs/scaling/1000/figures/latency.png, id=150, 490.9542pt x 346.1733pt>
File: ../outputs/scaling/1000/figures/latency.png Graphic file (type png)
<use ../outputs/scaling/1000/figures/latency.png>
Package pdftex.def Info: ../outputs/scaling/1000/figures/latency.png  used on i
nput line 384.
(pdftex.def)             Requested size: 150.32504pt x 105.99734pt.

LaTeX Warning: Reference `sec:ablation' on page 13 undefined on input line 391.



LaTeX Warning: Reference `sec:clinician' on page 13 undefined on input line 391
.

[13 <../outputs/scaling/10/figures/time_distribution.png> <../outputs/scaling/1
00/figures/time_distribution.png> <../outputs/scaling/1000/figures/time_distrib
ution.png> <../outputs/scaling/10/figures/tlx_subscales.png> <../outputs/scalin
g/100/figures/tlx_subscales.png> <../outputs/scaling/1000/figures/tlx_subscales
.png>]

LaTeX Warning: Reference `tab:scaling' on page 14 undefined on input line 396.


Overfull \hbox (138.86983pt too wide) in alignment at lines 398--407
 [] [] [] [] [] [] [] [] [] [] [] [] 
 []


LaTeX Warning: Reference `fig:scaling_trends' on page 14 undefined on input lin
e 409.


LaTeX Warning: Reference `fig:scaling_accuracy' on page 14 undefined on input l
ine 409.

<../outputs/scaling/combined/scaling_trends.png, id=166, 924.5742pt x 714.7503p
t>
File: ../outputs/scaling/combined/scaling_trends.png Graphic file (type png)
<use ../outputs/scaling/combined/scaling_trends.png>
Package pdftex.def Info: ../outputs/scaling/combined/scaling_trends.png  used o
n input line 413.
(pdftex.def)             Requested size: 422.77664pt x 326.82602pt.
<../outputs/scaling/combined/scaling_pct_change.png, id=167, 1066.9461pt x 367.
8543pt>
File: ../outputs/scaling/combined/scaling_pct_change.png Graphic file (type png
)
<use ../outputs/scaling/combined/scaling_pct_change.png>
Package pdftex.def Info: ../outputs/scaling/combined/scaling_pct_change.png  us
ed on input line 420.
(pdftex.def)             Requested size: 446.26582pt x 153.85785pt.
<../outputs/scaling/combined/scaling_accuracy.png, id=168, 635.2533pt x 417.961
5pt>
File: ../outputs/scaling/combined/scaling_accuracy.png Graphic file (type png)
<use ../outputs/scaling/combined/scaling_accuracy.png>
Package pdftex.def Info: ../outputs/scaling/combined/scaling_accuracy.png  used
 on input line 427.
(pdftex.def)             Requested size: 281.85587pt x 185.44061pt.

Overfull \vbox (157.18716pt too high) has occurred while \output is active []


[14 <../outputs/scaling/10/figures/latency.png> <../outputs/scaling/100/figures
/latency.png> <../outputs/scaling/1000/figures/latency.png>] [15 <../outputs/sc
aling/combined/scaling_trends.png> <../outputs/scaling/combined/scaling_pct_cha
nge.png>]

LaTeX Warning: Reference `tab:scaling' on page 16 undefined on input line 441.


LaTeX Warning: Reference `fig:ablation' on page 16 undefined on input line 441.


<../outputs/scaling/10/figures/ablation_four_arm.png, id=188, 924.5742pt x 636.
2169pt>
File: ../outputs/scaling/10/figures/ablation_four_arm.png Graphic file (type pn
g)
<use ../outputs/scaling/10/figures/ablation_four_arm.png>
Package pdftex.def Info: ../outputs/scaling/10/figures/ablation_four_arm.png  u
sed on input line 447.
(pdftex.def)             Requested size: 150.32504pt x 103.43741pt.
<../outputs/scaling/100/figures/ablation_four_arm.png, id=189, 924.5742pt x 636
.2169pt>
File: ../outputs/scaling/100/figures/ablation_four_arm.png Graphic file (type p
ng)
<use ../outputs/scaling/100/figures/ablation_four_arm.png>
Package pdftex.def Info: ../outputs/scaling/100/figures/ablation_four_arm.png  
used on input line 452.
(pdftex.def)             Requested size: 150.32504pt x 103.43741pt.
<../outputs/scaling/1000/figures/ablation_four_arm.png, id=190, 924.5742pt x 63
6.2169pt>
File: ../outputs/scaling/1000/figures/ablation_four_arm.png Graphic file (type 
png)
<use ../outputs/scaling/1000/figures/ablation_four_arm.png>
Package pdftex.def Info: ../outputs/scaling/1000/figures/ablation_four_arm.png 
 used on input line 457.
(pdftex.def)             Requested size: 150.32504pt x 103.43741pt.

Package natbib Warning: There were undefined citations.

[16 <../outputs/scaling/combined/scaling_accuracy.png> <../outputs/scaling/10/f
igures/ablation_four_arm.png> <../outputs/scaling/100/figures/ablation_four_arm
.png> <../outputs/scaling/1000/figures/ablation_four_arm.png>] (./main.aux)
 ***********
LaTeX2e <2025-11-01>
L3 programming layer <2026-01-19>
 ***********


LaTeX Warning: There were undefined references.


LaTeX Warning: Label(s) may have changed. Rerun to get cross-references right.


Package rerunfilecheck Warning: File `main.out' has changed.
(rerunfilecheck)                Rerun to get outlines right
(rerunfilecheck)                or use package `bookmark'.

Package rerunfilecheck Info: Checksums for `main.out':
(rerunfilecheck)             Before: <no file>
(rerunfilecheck)             After:  2D848E35D38B0E03DEF86DDF24CAA2EA;4375.
 ) 
Here is how much of TeX's memory you used:
 35357 strings out of 469006
 838133 string characters out of 5454814
 1342351 words of memory out of 5000000
 63433 multiletter control sequences out of 15000+600000
 638753 words of font info for 82 fonts, out of 8000000 for 9000
 319 hyphenation exceptions out of 8191
 84i,12n,104p,2042b,592s stack positions out of 10000i,1000n,20000p,200000b,200000s
</usr/local/texlive/2026basic/texmf-dist/fonts/type1/public/amsfonts/cm/cmbx1
0.pfb></usr/local/texlive/2026basic/texmf-dist/fonts/type1/public/amsfonts/cm/c
mbx12.pfb></usr/local/texlive/2026basic/texmf-dist/fonts/type1/public/amsfonts/
cm/cmex10.pfb></usr/local/texlive/2026basic/texmf-dist/fonts/type1/public/amsfo
nts/cm/cmmi10.pfb></usr/local/texlive/2026basic/texmf-dist/fonts/type1/public/a
msfonts/cm/cmmi6.pfb></usr/local/texlive/2026basic/texmf-dist/fonts/type1/publi
c/amsfonts/cm/cmmi7.pfb></usr/local/texlive/2026basic/texmf-dist/fonts/type1/pu
blic/amsfonts/cm/cmmi8.pfb></usr/local/texlive/2026basic/texmf-dist/fonts/type1
/public/amsfonts/cm/cmr10.pfb></usr/local/texlive/2026basic/texmf-dist/fonts/ty
pe1/public/amsfonts/cm/cmr12.pfb></usr/local/texlive/2026basic/texmf-dist/fonts
/type1/public/amsfonts/cm/cmr17.pfb></usr/local/texlive/2026basic/texmf-dist/fo
nts/type1/public/amsfonts/cm/cmr6.pfb></usr/local/texlive/2026basic/texmf-dist/
fonts/type1/public/amsfonts/cm/cmr7.pfb></usr/local/texlive/2026basic/texmf-dis
t/fonts/type1/public/amsfonts/cm/cmr8.pfb></usr/local/texlive/2026basic/texmf-d
ist/fonts/type1/public/amsfonts/cm/cmsy10.pfb></usr/local/texlive/2026basic/tex
mf-dist/fonts/type1/public/amsfonts/cm/cmsy6.pfb></usr/local/texlive/2026basic/
texmf-dist/fonts/type1/public/amsfonts/cm/cmsy7.pfb></usr/local/texlive/2026bas
ic/texmf-dist/fonts/type1/public/amsfonts/cm/cmsy8.pfb></usr/local/texlive/2026
basic/texmf-dist/fonts/type1/public/amsfonts/cm/cmti10.pfb></usr/local/texlive/
2026basic/texmf-dist/fonts/type1/public/amsfonts/symbols/msam10.pfb></usr/local
/texlive/2026basic/texmf-dist/fonts/type1/public/amsfonts/symbols/msbm10.pfb>
Output written on main.pdf (16 pages, 3929850 bytes).
PDF statistics:
 304 PDF objects out of 1000 (max. 8388607)
 205 compressed objects within 3 object streams
 84 named destinations out of 1000 (max. 500000)
 108 words of extra memory for PDF output out of 10000 (max. 10000000)

